\BOOKMARK [0][-]{chapter*.1}{\376\377\000C\000o\000n\000t\000e\000n\000t\000s}{}% 1
\BOOKMARK [0][-]{chapter.1}{\376\377\000I\000n\000t\000r\000o\000d\000u\000c\000t\000i\000o\000n}{}% 2
\BOOKMARK [1][-]{section.1.1}{\376\377\000R\000e\000l\000a\000t\000e\000d\000\040\000w\000o\000r\000k\000\040\000a\000n\000d\000\040\000r\000e\000s\000e\000a\000r\000c\000h\000\040\000g\000a\000p}{chapter.1}% 3
\BOOKMARK [1][-]{section.1.2}{\376\377\000C\000o\000n\000t\000r\000i\000b\000u\000t\000i\000o\000n\000s}{chapter.1}% 4
\BOOKMARK [1][-]{section.1.3}{\376\377\000O\000r\000g\000a\000n\000i\000z\000a\000t\000i\000o\000n}{chapter.1}% 5
\BOOKMARK [0][-]{chapter.2}{\376\377\000M\000e\000t\000h\000o\000d\000s}{}% 6
\BOOKMARK [1][-]{section.2.1}{\376\377\000G\000o\000v\000e\000r\000n\000i\000n\000g\000\040\000e\000q\000u\000a\000t\000i\000o\000n\000s\000\040\000a\000n\000d\000\040\000c\000o\000n\000v\000e\000n\000t\000i\000o\000n\000a\000l\000\040\000R\000K\000D\000G}{chapter.2}% 7
\BOOKMARK [1][-]{section.2.2}{\376\377\000A\000d\000a\000p\000t\000e\000d\000\040\000O\000s\000c\000i\000l\000l\000a\000t\000i\000o\000n\000-\000F\000r\000e\000e\000\040\000D\000i\000s\000c\000o\000n\000t\000i\000n\000u\000o\000u\000s\000\040\000G\000a\000l\000e\000r\000k\000i\000n\000\040\000S\000t\000a\000b\000i\000l\000i\000z\000a\000t\000i\000o\000n}{chapter.2}% 8
\BOOKMARK [2][-]{subsection.2.2.1}{\376\377\000M\000a\000t\000h\000e\000m\000a\000t\000i\000c\000a\000l\000\040\000f\000o\000r\000m\000u\000l\000a\000t\000i\000o\000n}{section.2.2}% 9
\BOOKMARK [2][-]{subsection.2.2.2}{\376\377\000I\000m\000p\000l\000e\000m\000e\000n\000t\000a\000t\000i\000o\000n\000\040\000d\000e\000c\000i\000s\000i\000o\000n\000s\000\040\000a\000n\000d\000\040\000d\000e\000t\000a\000i\000l\000s}{section.2.2}% 10
\BOOKMARK [1][-]{section.2.3}{\376\377\000K\000X\000R\000C\000F\000\040\000T\000r\000o\000u\000b\000l\000e\000d\000-\000C\000e\000l\000l\000\040\000I\000n\000d\000i\000c\000a\000t\000i\000o\000n}{chapter.2}% 11
\BOOKMARK [2][-]{subsection.2.3.1}{\376\377\000M\000a\000t\000h\000e\000m\000a\000t\000i\000c\000a\000l\000\040\000m\000o\000t\000i\000v\000a\000t\000i\000o\000n}{section.2.3}% 12
\BOOKMARK [2][-]{subsection.2.3.2}{\376\377\000H\000y\000p\000e\000r\000b\000o\000l\000i\000c\000\040\000s\000y\000s\000t\000e\000m\000s\000\040\000a\000n\000d\000\040\000p\000r\000o\000j\000e\000c\000t\000-\000s\000p\000e\000c\000i\000f\000i\000c\000\040\000c\000h\000o\000i\000c\000e\000s}{section.2.3}% 13
\BOOKMARK [2][-]{subsection.2.3.3}{\376\377\000C\000o\000u\000p\000l\000i\000n\000g\000\040\000t\000o\000\040\000a\000d\000a\000p\000t\000e\000d\000\040\000O\000F\000D\000G}{section.2.3}% 14
\BOOKMARK [2][-]{subsection.2.3.4}{\376\377\000I\000m\000p\000l\000e\000m\000e\000n\000t\000a\000t\000i\000o\000n\000\040\000d\000e\000c\000i\000s\000i\000o\000n\000s}{section.2.3}% 15
\BOOKMARK [2][-]{subsection.2.3.5}{\376\377\000L\000i\000m\000i\000t\000a\000t\000i\000o\000n\000s}{section.2.3}% 16
\BOOKMARK [1][-]{section.2.4}{\376\377\000T\000h\000e\000\040\0002\0000\0002\0004\000\040\000O\000E\000D\000G\000\040\000C\000o\000m\000p\000a\000r\000a\000t\000o\000r}{chapter.2}% 17
\BOOKMARK [2][-]{subsection.2.4.1}{\376\377\000S\000c\000a\000l\000e\000-\000i\000n\000v\000a\000r\000i\000a\000n\000t\000\040\000i\000n\000t\000e\000r\000f\000a\000c\000e\000\040\000s\000e\000n\000s\000o\000r}{section.2.4}% 18
\BOOKMARK [2][-]{subsection.2.4.2}{\376\377\000E\000x\000a\000c\000t\000\040\000a\000t\000t\000e\000n\000u\000a\000t\000i\000o\000n\000\040\000w\000i\000t\000h\000o\000u\000t\000\040\000a\000\040\000p\000r\000e\000s\000c\000r\000i\000b\000e\000d\000\040\000c\000o\000e\000f\000f\000i\000c\000i\000e\000n\000t\000\040\000b\000a\000s\000i\000s}{section.2.4}% 19
\BOOKMARK [2][-]{subsection.2.4.3}{\376\377\000R\000u\000n\000g\000e\040\023\000K\000u\000t\000t\000a\000\040\000c\000a\000d\000e\000n\000c\000e\000\040\000a\000n\000d\000\040\000c\000o\000m\000p\000a\000r\000i\000s\000o\000n\000\040\000c\000o\000n\000t\000r\000a\000c\000t}{section.2.4}% 20
\BOOKMARK [1][-]{section.2.5}{\376\377\000C\000o\000m\000m\000o\000n\000\040\000N\000u\000m\000e\000r\000i\000c\000a\000l\000\040\000C\000o\000n\000t\000r\000o\000l\000s}{chapter.2}% 21
\BOOKMARK [2][-]{subsection.2.5.1}{\376\377\000E\000u\000l\000e\000r\000\040\000a\000d\000m\000i\000s\000s\000i\000b\000i\000l\000i\000t\000y}{section.2.5}% 22
\BOOKMARK [2][-]{subsection.2.5.2}{\376\377\000I\000n\000d\000e\000p\000e\000n\000d\000e\000n\000t\000\040\000o\000n\000e\000-\000d\000i\000m\000e\000n\000s\000i\000o\000n\000a\000l\000\040\000r\000e\000f\000e\000r\000e\000n\000c\000e}{section.2.5}% 23
\BOOKMARK [1][-]{section.2.6}{\376\377\000I\000m\000p\000l\000e\000m\000e\000n\000t\000a\000t\000i\000o\000n\000\040\000a\000n\000d\000\040\000P\000a\000r\000a\000l\000l\000e\000l\000i\000z\000a\000t\000i\000o\000n}{chapter.2}% 24
\BOOKMARK [2][-]{subsection.2.6.1}{\376\377\000S\000o\000f\000t\000w\000a\000r\000e\000\040\000s\000t\000r\000u\000c\000t\000u\000r\000e}{section.2.6}% 25
\BOOKMARK [2][-]{subsection.2.6.2}{\376\377\000D\000i\000s\000t\000r\000i\000b\000u\000t\000e\000d\000\040\000m\000e\000s\000h\000e\000s}{section.2.6}% 26
\BOOKMARK [2][-]{subsection.2.6.3}{\376\377\000V\000e\000r\000i\000f\000i\000c\000a\000t\000i\000o\000n\000\040\000s\000t\000r\000a\000t\000e\000g\000y}{section.2.6}% 27
\BOOKMARK [1][-]{section.2.7}{\376\377\000E\000x\000p\000e\000r\000i\000m\000e\000n\000t\000a\000l\000\040\000M\000e\000t\000h\000o\000d\000o\000l\000o\000g\000y}{chapter.2}% 28
\BOOKMARK [2][-]{subsection.2.7.1}{\376\377\000C\000o\000m\000p\000a\000r\000i\000s\000o\000n\000\040\000c\000o\000n\000t\000r\000a\000c\000t}{section.2.7}% 29
\BOOKMARK [2][-]{subsection.2.7.2}{\376\377\000P\000r\000o\000p\000o\000s\000e\000d\000\040\000e\000x\000p\000e\000r\000i\000m\000e\000n\000t\000\040\000f\000a\000m\000i\000l\000i\000e\000s}{section.2.7}% 30
\BOOKMARK [2][-]{subsection.2.7.3}{\376\377\000R\000e\000p\000r\000o\000d\000u\000c\000i\000b\000i\000l\000i\000t\000y\000\040\000a\000n\000d\000\040\000p\000r\000o\000v\000e\000n\000a\000n\000c\000e}{section.2.7}% 31
\BOOKMARK [0][-]{chapter.3}{\376\377\000R\000e\000s\000u\000l\000t\000s}{}% 32
\BOOKMARK [1][-]{section.3.1}{\376\377\000C\000o\000n\000v\000e\000r\000g\000e\000n\000c\000e\000-\000t\000a\000b\000l\000e\000\040\000c\000o\000n\000v\000e\000n\000t\000i\000o\000n}{chapter.3}% 33
\BOOKMARK [1][-]{section.3.2}{\376\377\000S\000m\000o\000o\000t\000h\000\040\000a\000c\000c\000u\000r\000a\000c\000y\000\040\000p\000r\000e\000s\000e\000n\000t\000a\000t\000i\000o\000n}{chapter.3}% 34
\BOOKMARK [1][-]{section.3.3}{\376\377\000D\000i\000s\000c\000o\000n\000t\000i\000n\000u\000i\000t\000y\000\040\000a\000n\000d\000\040\000i\000n\000v\000a\000r\000i\000a\000n\000c\000e\000\040\000p\000r\000e\000s\000e\000n\000t\000a\000t\000i\000o\000n}{chapter.3}% 35
\BOOKMARK [1][-]{section.3.4}{\376\377\000T\000w\000o\000-\000d\000i\000m\000e\000n\000s\000i\000o\000n\000a\000l\000\040\000p\000r\000e\000s\000e\000n\000t\000a\000t\000i\000o\000n}{chapter.3}% 36
\BOOKMARK [1][-]{section.3.5}{\376\377\000D\000e\000t\000e\000c\000t\000o\000r\000,\000\040\000r\000o\000b\000u\000s\000t\000n\000e\000s\000s\000,\000\040\000a\000n\000d\000\040\000c\000o\000s\000t\000\040\000p\000r\000e\000s\000e\000n\000t\000a\000t\000i\000o\000n}{chapter.3}% 37
\BOOKMARK [0][-]{chapter.4}{\376\377\000D\000i\000s\000c\000u\000s\000s\000i\000o\000n}{}% 38
\BOOKMARK [0][-]{chapter.5}{\376\377\000C\000o\000n\000c\000l\000u\000s\000i\000o\000n}{}% 39
\BOOKMARK [0][-]{appendix.A}{\376\377\000R\000e\000p\000r\000o\000d\000u\000c\000i\000b\000i\000l\000i\000t\000y\000\040\000a\000n\000d\000\040\000S\000t\000u\000d\000y\000\040\000D\000e\000s\000i\000g\000n}{}% 40
\BOOKMARK [1][-]{section.A.1}{\376\377\000P\000r\000o\000p\000o\000s\000e\000d\000\040\000e\000x\000p\000e\000r\000i\000m\000e\000n\000t\000\040\000m\000a\000t\000r\000i\000x}{appendix.A}% 41
\BOOKMARK [0][-]{chapter*.21}{\376\377\000B\000i\000b\000l\000i\000o\000g\000r\000a\000p\000h\000y}{}% 42
